// Jest Snapshot v1, https://goo.gl/fbAQLP

exports[`snapshot 1`] = `
<DocumentFragment>
  <div
    class="container text-center"
  >
    <p>
      Please log in.
    </p>
  </div>
</DocumentFragment>
`;
