// Jest Snapshot v1, https://goo.gl/fbAQLP

exports[`snapshot 1`] = `
<DocumentFragment>
  <div
    class="my-2 mx-1 col-sm-2 card bg-dark"
  >
    <div
      class="row justify-content-center"
    >
      <div
        class="col-sm-8 pt-2 mt-2"
      />
    </div>
    <div
      class="d-flex flex-column card-body"
    >
      <div
        class="card-title h5"
        style="cursor: pointer;"
      />
      <button
        class="my-1 mt-auto btn btn-danger btn-sm"
        disabled=""
        type="button"
      >
        Craft
      </button>
    </div>
  </div>
</DocumentFragment>
`;
