// Jest Snapshot v1, https://goo.gl/fbAQLP

exports[`snapshot 1`] = `
<DocumentFragment>
  <div
    class="container text-center"
  >
    <h1>
      Loading...
    </h1>
  </div>
</DocumentFragment>
`;
