// Jest Snapshot v1, https://goo.gl/fbAQLP

exports[`snapshot 1`] = `
<DocumentFragment>
  <div
    class="my-3 mx-3 col-sm-3 card bg-dark"
    style="cursor: pointer;"
  >
    <div
      class="row justify-content-center"
    >
      <div
        class="col-sm-8 pt-2 mt-2"
      />
    </div>
    <div
      class="d-flex flex-column card-body"
    >
      <div
        class="card-title h5"
      />
      <button
        class="my-1 mx-5 mt-auto btn btn-danger btn-sm"
        disabled=""
        type="button"
      >
        Hunt
      </button>
    </div>
  </div>
</DocumentFragment>
`;
