// Jest Snapshot v1, https://goo.gl/fbAQLP

exports[`snapshot 1`] = `
<DocumentFragment>
  <div
    class="my-3 mx-3 card bg-dark"
    style="width: 30vw; cursor: pointer;"
  >
    <div
      class="row justify-content-center"
    >
      <div
        class="col-sm-11 pt-2 mt-2"
      />
    </div>
    <div
      class="card-body"
    >
      <div
        class="card-title h5"
        style="cursor: pointer;"
      />
    </div>
  </div>
</DocumentFragment>
`;
