// Jest Snapshot v1, https://goo.gl/fbAQLP

exports[`snapshot 1`] = `
<DocumentFragment>
  <span>
    0
  </span>
</DocumentFragment>
`;
