// Jest Snapshot v1, https://goo.gl/fbAQLP

exports[`snapshot 1`] = `
<DocumentFragment>
  <button
    class="btn btn-danger btn-sm"
    disabled=""
    type="button"
  >
    -1
  </button>
</DocumentFragment>
`;
